{
 "Typ": "WyJvYmplY3QiLHsiaWQiOiJzdHJpbmciLCJwb2xpY3kiOiJzdHJpbmciLCJxdWV1ZV91cmwiOiJzdHJpbmcifV0=",
 "Val": "eyJpZCI6Imh0dHBzOi8vc3FzLmV1LXdlc3QtMy5hbWF6b25hd3MuY29tLzA0NzA4MTAxNDMxNS9iYXIuZmlmbyIsInBvbGljeSI6IiIsInF1ZXVlX3VybCI6Imh0dHBzOi8vc3FzLmV1LXdlc3QtMy5hbWF6b25hd3MuY29tLzA0NzA4MTAxNDMxNS9iYXIuZmlmbyJ9",
 "Err": null
}