{
 "Typ": "WyJvYmplY3QiLHsiaWQiOiJzdHJpbmciLCJwb2xpY3kiOiJzdHJpbmciLCJxdWV1ZV91cmwiOiJzdHJpbmcifV0=",
 "Val": "eyJpZCI6Imh0dHBzOi8vc3FzLmV1LXdlc3QtMy5hbWF6b25hd3MuY29tLzA0NzA4MTAxNDMxNS9mb28iLCJwb2xpY3kiOiJ7XCJWZXJzaW9uXCI6XCIyMDEyLTEwLTE3XCIsXCJJZFwiOlwiUG9saWN5MTYxMTc2OTUzMjQyNVwiLFwiU3RhdGVtZW50XCI6W3tcIlNpZFwiOlwiU3RtdDE2MTE3Njk1Mjc3OTJcIixcIkVmZmVjdFwiOlwiQWxsb3dcIixcIlByaW5jaXBhbFwiOlwiKlwiLFwiQWN0aW9uXCI6XCJzcXM6U2VuZE1lc3NhZ2VcIixcIlJlc291cmNlXCI6XCJhcm46YXdzOnNxczpldS13ZXN0LTM6MDQ3MDgxMDE0MzE1OmZvb1wifV19IiwicXVldWVfdXJsIjoiaHR0cHM6Ly9zcXMuZXUtd2VzdC0zLmFtYXpvbmF3cy5jb20vMDQ3MDgxMDE0MzE1L2ZvbyJ9",
 "Err": null
}