{
 "Typ": "WyJvYmplY3QiLHsiaWQiOiJzdHJpbmciLCJwb2xpY3kiOiJzdHJpbmciLCJxdWV1ZV91cmwiOiJzdHJpbmcifV0=",
 "Val": "eyJpZCI6Imh0dHBzOi8vc3FzLmV1LXdlc3QtMy5hbWF6b25hd3MuY29tLzA0NzA4MTAxNDMxNS9iYXoiLCJwb2xpY3kiOiJ7XCJWZXJzaW9uXCI6XCIyMDEyLTEwLTE3XCIsXCJJZFwiOlwiTVlTUVNQT0xJQ1lcIixcIlN0YXRlbWVudFwiOlt7XCJTaWRcIjpcIlN0bXQxNjExNzY5NTI3NzkyXCIsXCJFZmZlY3RcIjpcIkFsbG93XCIsXCJQcmluY2lwYWxcIjpcIipcIixcIkFjdGlvblwiOlwic3FzOlNlbmRNZXNzYWdlXCIsXCJSZXNvdXJjZVwiOlwiYXJuOmF3czpzcXM6ZXUtd2VzdC0zOjA0NzA4MTAxNDMxNTpiYXpcIn1dfSIsInF1ZXVlX3VybCI6Imh0dHBzOi8vc3FzLmV1LXdlc3QtMy5hbWF6b25hd3MuY29tLzA0NzA4MTAxNDMxNS9iYXoifQ==",
 "Err": null
}