{
 "Typ": "WyJvYmplY3QiLHsiYXJuIjoic3RyaW5nIiwiY29udGVudF9iYXNlZF9kZWR1cGxpY2F0aW9uIjoiYm9vbCIsImRlbGF5X3NlY29uZHMiOiJudW1iZXIiLCJmaWZvX3F1ZXVlIjoiYm9vbCIsImlkIjoic3RyaW5nIiwia21zX2RhdGFfa2V5X3JldXNlX3BlcmlvZF9zZWNvbmRzIjoibnVtYmVyIiwia21zX21hc3Rlcl9rZXlfaWQiOiJzdHJpbmciLCJtYXhfbWVzc2FnZV9zaXplIjoibnVtYmVyIiwibWVzc2FnZV9yZXRlbnRpb25fc2Vjb25kcyI6Im51bWJlciIsIm5hbWUiOiJzdHJpbmciLCJuYW1lX3ByZWZpeCI6InN0cmluZyIsInBvbGljeSI6InN0cmluZyIsInJlY2VpdmVfd2FpdF90aW1lX3NlY29uZHMiOiJudW1iZXIiLCJyZWRyaXZlX3BvbGljeSI6InN0cmluZyIsInRhZ3MiOlsibWFwIiwic3RyaW5nIl0sInZpc2liaWxpdHlfdGltZW91dF9zZWNvbmRzIjoibnVtYmVyIn1d",
 "Val": "eyJhcm4iOiJhcm46YXdzOnNxczpldS13ZXN0LTM6MDQ3MDgxMDE0MzE1OmZvbyIsImNvbnRlbnRfYmFzZWRfZGVkdXBsaWNhdGlvbiI6ZmFsc2UsImRlbGF5X3NlY29uZHMiOjAsImZpZm9fcXVldWUiOmZhbHNlLCJpZCI6Imh0dHBzOi8vc3FzLmV1LXdlc3QtMy5hbWF6b25hd3MuY29tLzA0NzA4MTAxNDMxNS9mb28iLCJrbXNfZGF0YV9rZXlfcmV1c2VfcGVyaW9kX3NlY29uZHMiOjMwMCwia21zX21hc3Rlcl9rZXlfaWQiOiIiLCJtYXhfbWVzc2FnZV9zaXplIjoyNjIxNDQsIm1lc3NhZ2VfcmV0ZW50aW9uX3NlY29uZHMiOjM0NTYwMCwibmFtZSI6ImZvbyIsIm5hbWVfcHJlZml4IjpudWxsLCJwb2xpY3kiOiIiLCJyZWNlaXZlX3dhaXRfdGltZV9zZWNvbmRzIjowLCJyZWRyaXZlX3BvbGljeSI6IiIsInRhZ3MiOnt9LCJ2aXNpYmlsaXR5X3RpbWVvdXRfc2Vjb25kcyI6MzB9",
 "Err": null
}