{
 "Typ": "WyJvYmplY3QiLHsiYXJuIjoic3RyaW5nIiwiY29udGVudF9iYXNlZF9kZWR1cGxpY2F0aW9uIjoiYm9vbCIsImRlbGF5X3NlY29uZHMiOiJudW1iZXIiLCJmaWZvX3F1ZXVlIjoiYm9vbCIsImlkIjoic3RyaW5nIiwia21zX2RhdGFfa2V5X3JldXNlX3BlcmlvZF9zZWNvbmRzIjoibnVtYmVyIiwia21zX21hc3Rlcl9rZXlfaWQiOiJzdHJpbmciLCJtYXhfbWVzc2FnZV9zaXplIjoibnVtYmVyIiwibWVzc2FnZV9yZXRlbnRpb25fc2Vjb25kcyI6Im51bWJlciIsIm5hbWUiOiJzdHJpbmciLCJuYW1lX3ByZWZpeCI6InN0cmluZyIsInBvbGljeSI6InN0cmluZyIsInJlY2VpdmVfd2FpdF90aW1lX3NlY29uZHMiOiJudW1iZXIiLCJyZWRyaXZlX3BvbGljeSI6InN0cmluZyIsInRhZ3MiOlsibWFwIiwic3RyaW5nIl0sInZpc2liaWxpdHlfdGltZW91dF9zZWNvbmRzIjoibnVtYmVyIn1d",
 "Val": "eyJhcm4iOiJhcm46YXdzOnNxczpldS13ZXN0LTM6MDQ3MDgxMDE0MzE1OmJhci5maWZvIiwiY29udGVudF9iYXNlZF9kZWR1cGxpY2F0aW9uIjp0cnVlLCJkZWxheV9zZWNvbmRzIjowLCJmaWZvX3F1ZXVlIjp0cnVlLCJpZCI6Imh0dHBzOi8vc3FzLmV1LXdlc3QtMy5hbWF6b25hd3MuY29tLzA0NzA4MTAxNDMxNS9iYXIuZmlmbyIsImttc19kYXRhX2tleV9yZXVzZV9wZXJpb2Rfc2Vjb25kcyI6MzAwLCJrbXNfbWFzdGVyX2tleV9pZCI6IiIsIm1heF9tZXNzYWdlX3NpemUiOjI2MjE0NCwibWVzc2FnZV9yZXRlbnRpb25fc2Vjb25kcyI6MzQ1NjAwLCJuYW1lIjoiYmFyLmZpZm8iLCJuYW1lX3ByZWZpeCI6bnVsbCwicG9saWN5IjoiIiwicmVjZWl2ZV93YWl0X3RpbWVfc2Vjb25kcyI6MCwicmVkcml2ZV9wb2xpY3kiOiIiLCJ0YWdzIjp7fSwidmlzaWJpbGl0eV90aW1lb3V0X3NlY29uZHMiOjMwfQ==",
 "Err": null
}