[
 {
  "Id": "https://sqs.eu-west-3.amazonaws.com/047081014315/bar.fifo",
  "Policy": "{\"Id\":\"MYSQSPOLICY\",\"Statement\":[{\"Action\":\"sqs:SendMessage\",\"Effect\":\"Allow\",\"Principal\":\"*\",\"Resource\":\"arn:aws:sqs:eu-west-3:047081014315:bar.fifo\",\"Sid\":\"Stmt1611769527792\"}],\"Version\":\"2012-10-17\"}",
  "QueueUrl": "https://sqs.eu-west-3.amazonaws.com/047081014315/bar.fifo"
 }
]